#-----------------------------------------------------------
# Vivado v2022.1 (64-bit)
# SW Build 3526262 on Mon Apr 18 15:48:16 MDT 2022
# IP Build 3524634 on Mon Apr 18 20:55:01 MDT 2022
# Start of session at: Sun Feb 12 11:48:46 2023
# Process ID: 16356
# Current directory: C:/Users/artyo/Desktop/Vivado/MicroBlaze_demo/MicroBlaze_demo.runs/MicroBlaze_design_ilmb_v10_0_synth_1
# Command line: vivado.exe -log MicroBlaze_design_ilmb_v10_0.vds -product Vivado -mode batch -messageDb vivado.pb -notrace -source MicroBlaze_design_ilmb_v10_0.tcl
# Log file: C:/Users/artyo/Desktop/Vivado/MicroBlaze_demo/MicroBlaze_demo.runs/MicroBlaze_design_ilmb_v10_0_synth_1/MicroBlaze_design_ilmb_v10_0.vds
# Journal file: C:/Users/artyo/Desktop/Vivado/MicroBlaze_demo/MicroBlaze_demo.runs/MicroBlaze_design_ilmb_v10_0_synth_1\vivado.jou
# Running On: LAPTOP-RLSJ6GTT, OS: Windows, CPU Frequency: 2371 MHz, CPU Physical cores: 6, Host memory: 7907 MB
#-----------------------------------------------------------
source MicroBlaze_design_ilmb_v10_0.tcl -notrace
